// Jest Snapshot v1, https://goo.gl/fbAQLP

exports[`renders correctly 1`] = `
<View
  style={
    Object {
      "backgroundColor": "#F0F7FF",
      "flex": 1,
    }
  }
>
  <View
    style={
      Array [
        Object {
          "paddingHorizontal": 10,
        },
        Object {
          "paddingTop": 50,
        },
      ]
    }
  >
    <Text
      style={
        Array [
          Object {
            "fontFamily": "Raleway",
            "fontSize": 20,
          },
          Object {
            "textAlign": "center",
          },
        ]
      }
    >
      Hello 
    </Text>
    <Text
      style={
        Array [
          Object {
            "fontFamily": "Raleway",
            "fontSize": 20,
          },
          Object {
            "textAlign": "center",
          },
        ]
      }
    >
      What do you want to do today?
    </Text>
  </View>
  <View
    accessibilityIgnoresInvertColors={true}
    style={
      Object {
        "alignItems": "center",
        "flex": 1,
        "flexDirection": "row",
        "justifyContent": "space-between",
        "paddingBottom": 333.5,
        "paddingHorizontal": 25,
      }
    }
  >
    <Image
      source={
        Object {
          "testUri": "../../../src/images/welcome/idea.png",
        }
      }
      style={
        Array [
          Object {
            "bottom": 0,
            "left": 0,
            "position": "absolute",
            "right": 0,
            "top": 0,
          },
          Object {
            "height": undefined,
            "width": undefined,
          },
          Object {
            "resizeMode": "cover",
          },
        ]
      }
    />
    <View>
      <Image
        resizeMode="contain"
        source={
          Object {
            "testUri": "../../../src/images/welcome/prepare.png",
          }
        }
        style={
          Object {
            "height": 150,
            "width": 150,
          }
        }
      />
      <View
        style={
          Object {
            "borderRadius": 8,
          }
        }
      >
        <View
          accessible={true}
          isTVSelectable={true}
          onResponderGrant={[Function]}
          onResponderMove={[Function]}
          onResponderRelease={[Function]}
          onResponderTerminate={[Function]}
          onResponderTerminationRequest={[Function]}
          onStartShouldSetResponder={[Function]}
          style={
            Object {
              "opacity": 1,
            }
          }
        >
          <View
            style={
              Object {
                "alignItems": "center",
                "backgroundColor": "#FFFFFF",
                "borderColor": "#111111",
                "borderRadius": 8,
                "borderWidth": 2,
                "flexDirection": "row",
                "justifyContent": "center",
                "padding": 8,
                "paddingVertical": 10,
              }
            }
          >
            <Text
              style={
                Object {
                  "color": "#111111",
                  "fontFamily": "Raleway",
                  "fontSize": 16,
                  "fontWeight": "bold",
                  "paddingBottom": 1,
                  "paddingTop": 2,
                  "textAlign": "center",
                }
              }
            >
              Prepare
            </Text>
          </View>
        </View>
      </View>
    </View>
    <View>
      <Image
        resizeMode="contain"
        source={
          Object {
            "testUri": "../../../src/images/welcome/deliver.png",
          }
        }
        style={
          Object {
            "height": 150,
            "width": 150,
          }
        }
      />
      <View
        style={
          Object {
            "borderRadius": 8,
          }
        }
      >
        <View
          accessible={true}
          isTVSelectable={true}
          onResponderGrant={[Function]}
          onResponderMove={[Function]}
          onResponderRelease={[Function]}
          onResponderTerminate={[Function]}
          onResponderTerminationRequest={[Function]}
          onStartShouldSetResponder={[Function]}
          style={
            Object {
              "opacity": 1,
            }
          }
        >
          <View
            style={
              Object {
                "alignItems": "center",
                "backgroundColor": "#FFFFFF",
                "borderColor": "#111111",
                "borderRadius": 8,
                "borderWidth": 2,
                "flexDirection": "row",
                "justifyContent": "center",
                "padding": 8,
                "paddingVertical": 10,
              }
            }
          >
            <Text
              style={
                Object {
                  "color": "#111111",
                  "fontFamily": "Raleway",
                  "fontSize": 16,
                  "fontWeight": "bold",
                  "paddingBottom": 1,
                  "paddingTop": 2,
                  "textAlign": "center",
                }
              }
            >
              Deliver
            </Text>
          </View>
        </View>
      </View>
    </View>
  </View>
</View>
`;
